[INFO] Scanning for projects...
[INFO] 
[INFO] ------------------------< com.example:backend >-------------------------
[INFO] Building backend 0.0.1-SNAPSHOT
[INFO]   from pom.xml
[INFO] --------------------------------[ jar ]---------------------------------
[INFO] 
[INFO] --- resources:3.3.1:resources (default-resources) @ backend ---
[INFO] Copying 2 resources from src\main\resources to target\classes
[INFO] Copying 1 resource from src\main\resources to target\classes
[INFO] 
[INFO] --- compiler:3.14.1:compile (default-compile) @ backend ---
[INFO] Nothing to compile - all classes are up to date.
[INFO] 
[INFO] --- resources:3.3.1:testResources (default-testResources) @ backend ---
[INFO] Copying 1 resource from src\test\resources to target\test-classes
[INFO] 
[INFO] --- compiler:3.14.1:testCompile (default-testCompile) @ backend ---
[INFO] Recompiling the module because of added or removed source files.
[INFO] Compiling 5 source files with javac [debug parameters release 25] to target\test-classes
[INFO] 
[INFO] --- surefire:3.5.5:test (default-test) @ backend ---
[INFO] Using auto detected provider org.apache.maven.surefire.junitplatform.JUnitPlatformProvider
[INFO] 
[INFO] -------------------------------------------------------
[INFO]  T E S T S
[INFO] -------------------------------------------------------
[INFO] Running com.example.backend.resource.ResourceCheckTest
17:58:57.048 [main] INFO org.springframework.test.context.support.AnnotationConfigContextLoaderUtils -- Could not detect default configuration classes for test class [com.example.backend.resource.ResourceCheckTest]: ResourceCheckTest does not declare any static, non-private, non-final, nested classes annotated with @Configuration.
17:58:57.361 [main] INFO org.springframework.boot.test.context.SpringBootTestContextBootstrapper -- Found @SpringBootConfiguration com.example.backend.BackendApplication for test class com.example.backend.resource.ResourceCheckTest
17:58:57.515 [main] INFO org.springframework.test.context.support.AnnotationConfigContextLoaderUtils -- Could not detect default configuration classes for test class [com.example.backend.resource.ResourceCheckTest]: ResourceCheckTest does not declare any static, non-private, non-final, nested classes annotated with @Configuration.
17:58:57.518 [main] INFO org.springframework.boot.test.context.SpringBootTestContextBootstrapper -- Found @SpringBootConfiguration com.example.backend.BackendApplication for test class com.example.backend.resource.ResourceCheckTest

  .   ____          _            __ _ _
 /\\ / ___'_ __ _ _(_)_ __  __ _ \ \ \ \
( ( )\___ | '_ | '_| | '_ \/ _` | \ \ \ \
 \\/  ___)| |_)| | | | | || (_| |  ) ) ) )
  '  |____| .__|_| |_|_| |_\__, | / / / /
 =========|_|==============|___/=/_/_/_/

 :: Spring Boot ::                (v4.0.4)

2026-04-16T17:58:58.142+05:30  INFO 10308 --- [           main] c.e.backend.resource.ResourceCheckTest   : Starting ResourceCheckTest using Java 25.0.1 with PID 10308 (started by puldi in C:\Users\puldi\OneDrive\Desktop\smart_campus_new\backend)
2026-04-16T17:58:58.144+05:30  INFO 10308 --- [           main] c.e.backend.resource.ResourceCheckTest   : No active profile set, falling back to 1 default profile: "default"
2026-04-16T17:58:59.653+05:30  INFO 10308 --- [           main] .s.d.r.c.RepositoryConfigurationDelegate : Bootstrapping Spring Data MongoDB repositories in DEFAULT mode.
2026-04-16T17:58:59.848+05:30  INFO 10308 --- [           main] .s.d.r.c.RepositoryConfigurationDelegate : Finished Spring Data repository scanning in 181 ms. Found 7 MongoDB repository interfaces.
2026-04-16T17:59:01.009+05:30  INFO 10308 --- [           main] org.mongodb.driver.client                : MongoClient with metadata {"driver": {"name": "mongo-java-driver|spring-boot|sync", "version": "5.6.4"}, "os": {"type": "Windows", "name": "Windows 11", "architecture": "amd64", "version": "10.0"}, "platform": "Java/Oracle Corporation/25.0.1+8-LTS-27"} created with settings MongoClientSettings{readPreference=primary, writeConcern=WriteConcern{w=majority, wTimeout=null ms, journal=null}, retryWrites=true, retryReads=true, readConcern=ReadConcern{level=null}, credential=MongoCredential{mechanism=null, userName='janithcamitha_db_user', source='admin', password=<hidden>, mechanismProperties=<hidden>}, transportSettings=null, commandListeners=[], codecRegistry=ProvidersCodecRegistry{codecProviders=[ValueCodecProvider{}, BsonValueCodecProvider{}, DBRefCodecProvider{}, DBObjectCodecProvider{}, DocumentCodecProvider{}, CollectionCodecProvider{}, IterableCodecProvider{}, MapCodecProvider{}, GeoJsonCodecProvider{}, GridFSFileCodecProvider{}, Jsr310CodecProvider{}, JsonObjectCodecProvider{}, BsonCodecProvider{}, com.mongodb.client.model.mql.ExpressionCodecProvider@5d92e8e2, com.mongodb.Jep395RecordCodecProvider@542c65d9, com.mongodb.KotlinCodecProvider@cdbe995, EnumCodecProvider{}]}, loggerSettings=LoggerSettings{maxDocumentLength=1000}, clusterSettings={hosts=[127.0.0.1:27017], srvHost=cluster0.ptmjjxa.mongodb.net, srvServiceName=mongodb, mode=MULTIPLE, requiredClusterType=REPLICA_SET, requiredReplicaSetName='atlas-bffbbi-shard-0', serverSelector='null', clusterListeners='[]', serverSelectionTimeout='30000 ms', localThreshold='15 ms'}, socketSettings=SocketSettings{connectTimeoutMS=10000, readTimeoutMS=0, receiveBufferSize=0, proxySettings=ProxySettings{host=null, port=null, username=null, password=null}}, heartbeatSocketSettings=SocketSettings{connectTimeoutMS=10000, readTimeoutMS=10000, receiveBufferSize=0, proxySettings=ProxySettings{host=null, port=null, username=null, password=null}}, connectionPoolSettings=ConnectionPoolSettings{maxSize=100, minSize=0, maxWaitTimeMS=120000, maxConnectionLifeTimeMS=0, maxConnectionIdleTimeMS=0, maintenanceInitialDelayMS=0, maintenanceFrequencyMS=60000, connectionPoolListeners=[], maxConnecting=2}, serverSettings=ServerSettings{heartbeatFrequencyMS=10000, minHeartbeatFrequencyMS=500, serverMonitoringMode=AUTO, serverListeners='[]', serverMonitorListeners='[]'}, sslSettings=SslSettings{enabled=true, invalidHostNameAllowed=false, context=null}, applicationName='null', compressorList=[], uuidRepresentation=UNSPECIFIED, serverApi=null, autoEncryptionSettings=null, dnsClient=null, inetAddressResolver=null, contextProvider=null, timeoutMS=null}
2026-04-16T17:59:01.035+05:30  INFO 10308 --- [jxa.mongodb.net] org.mongodb.driver.cluster               : Adding discovered server ac-0nstyrz-shard-00-01.ptmjjxa.mongodb.net:27017 to client view of cluster
2026-04-16T17:59:01.067+05:30  INFO 10308 --- [jxa.mongodb.net] org.mongodb.driver.cluster               : Adding discovered server ac-0nstyrz-shard-00-00.ptmjjxa.mongodb.net:27017 to client view of cluster
2026-04-16T17:59:01.068+05:30  INFO 10308 --- [jxa.mongodb.net] org.mongodb.driver.cluster               : Adding discovered server ac-0nstyrz-shard-00-02.ptmjjxa.mongodb.net:27017 to client view of cluster
2026-04-16T17:59:02.194+05:30  INFO 10308 --- [ngodb.net:27017] org.mongodb.driver.cluster               : Monitor thread successfully connected to server with description ServerDescription{address=ac-0nstyrz-shard-00-00.ptmjjxa.mongodb.net:27017, type=REPLICA_SET_SECONDARY, cryptd=false, state=CONNECTED, ok=true, minWireVersion=0, maxWireVersion=25, maxDocumentSize=16777216, logicalSessionTimeoutMinutes=30, roundTripTimeNanos=590010500, minRoundTripTimeNanos=0, setName='atlas-bffbbi-shard-0', canonicalAddress=ac-0nstyrz-shard-00-00.ptmjjxa.mongodb.net:27017, hosts=[ac-0nstyrz-shard-00-02.ptmjjxa.mongodb.net:27017, ac-0nstyrz-shard-00-01.ptmjjxa.mongodb.net:27017, ac-0nstyrz-shard-00-00.ptmjjxa.mongodb.net:27017], passives=[], arbiters=[], primary='ac-0nstyrz-shard-00-01.ptmjjxa.mongodb.net:27017', tagSet=TagSet{[Tag{name='availabilityZone', value='aps1-az1'}, Tag{name='cacheState', value='READY'}, Tag{name='diskState', value='READY'}, Tag{name='nodeType', value='ELECTABLE'}, Tag{name='provider', value='AWS'}, Tag{name='region', value='AP_SOUTH_1'}, Tag{name='workloadType', value='OPERATIONAL'}]}, electionId=null, setVersion=224, topologyVersion=TopologyVersion{processId=69d01ea78fd634e15842965a, counter=5}, lastWriteDate=Thu Apr 16 17:59:03 IST 2026, lastUpdateTimeNanos=37054462137500}
2026-04-16T17:59:02.194+05:30  INFO 10308 --- [ngodb.net:27017] org.mongodb.driver.cluster               : Monitor thread successfully connected to server with description ServerDescription{address=ac-0nstyrz-shard-00-01.ptmjjxa.mongodb.net:27017, type=REPLICA_SET_PRIMARY, cryptd=false, state=CONNECTED, ok=true, minWireVersion=0, maxWireVersion=25, maxDocumentSize=16777216, logicalSessionTimeoutMinutes=30, roundTripTimeNanos=590264100, minRoundTripTimeNanos=0, setName='atlas-bffbbi-shard-0', canonicalAddress=ac-0nstyrz-shard-00-01.ptmjjxa.mongodb.net:27017, hosts=[ac-0nstyrz-shard-00-02.ptmjjxa.mongodb.net:27017, ac-0nstyrz-shard-00-01.ptmjjxa.mongodb.net:27017, ac-0nstyrz-shard-00-00.ptmjjxa.mongodb.net:27017], passives=[], arbiters=[], primary='ac-0nstyrz-shard-00-01.ptmjjxa.mongodb.net:27017', tagSet=TagSet{[Tag{name='availabilityZone', value='aps1-az3'}, Tag{name='cacheState', value='READY'}, Tag{name='diskState', value='READY'}, Tag{name='nodeType', value='ELECTABLE'}, Tag{name='provider', value='AWS'}, Tag{name='region', value='AP_SOUTH_1'}, Tag{name='workloadType', value='OPERATIONAL'}]}, electionId=7fffffff000000000000023b, setVersion=224, topologyVersion=TopologyVersion{processId=69d021805bc40d23ec0f4f50, counter=7}, lastWriteDate=Thu Apr 16 17:59:03 IST 2026, lastUpdateTimeNanos=37054462385000}
2026-04-16T17:59:02.194+05:30  INFO 10308 --- [ngodb.net:27017] org.mongodb.driver.cluster               : Monitor thread successfully connected to server with description ServerDescription{address=ac-0nstyrz-shard-00-02.ptmjjxa.mongodb.net:27017, type=REPLICA_SET_SECONDARY, cryptd=false, state=CONNECTED, ok=true, minWireVersion=0, maxWireVersion=25, maxDocumentSize=16777216, logicalSessionTimeoutMinutes=30, roundTripTimeNanos=588767500, minRoundTripTimeNanos=0, setName='atlas-bffbbi-shard-0', canonicalAddress=ac-0nstyrz-shard-00-02.ptmjjxa.mongodb.net:27017, hosts=[ac-0nstyrz-shard-00-02.ptmjjxa.mongodb.net:27017, ac-0nstyrz-shard-00-01.ptmjjxa.mongodb.net:27017, ac-0nstyrz-shard-00-00.ptmjjxa.mongodb.net:27017], passives=[], arbiters=[], primary='ac-0nstyrz-shard-00-01.ptmjjxa.mongodb.net:27017', tagSet=TagSet{[Tag{name='availabilityZone', value='aps1-az2'}, Tag{name='cacheState', value='READY'}, Tag{name='diskState', value='READY'}, Tag{name='nodeType', value='ELECTABLE'}, Tag{name='provider', value='AWS'}, Tag{name='region', value='AP_SOUTH_1'}, Tag{name='workloadType', value='OPERATIONAL'}]}, electionId=null, setVersion=224, topologyVersion=TopologyVersion{processId=69d0241fd0c1c4b749e8eb51, counter=4}, lastWriteDate=Thu Apr 16 17:59:03 IST 2026, lastUpdateTimeNanos=37054462141500}
2026-04-16T17:59:02.200+05:30  INFO 10308 --- [ngodb.net:27017] org.mongodb.driver.cluster               : Discovered replica set primary ac-0nstyrz-shard-00-01.ptmjjxa.mongodb.net:27017 with max election id 7fffffff000000000000023b and max set version 224
2026-04-16T17:59:02.524+05:30  WARN 10308 --- [           main] .s.a.UserDetailsServiceAutoConfiguration : 

Using generated security password: e22debda-0bd0-4175-a09d-b274bd1d7644

This generated password is for development use only. Your security configuration must be updated before running your application in production.

2026-04-16T17:59:02.538+05:30  INFO 10308 --- [           main] r$InitializeUserDetailsManagerConfigurer : Global AuthenticationManager configured with UserDetailsService bean with name inMemoryUserDetailsManager
2026-04-16T17:59:03.632+05:30  INFO 10308 --- [           main] c.e.backend.resource.ResourceCheckTest   : Started ResourceCheckTest in 5.97 seconds (process running for 8.285)
2026-04-16T17:59:04.784+05:30  WARN 10308 --- [           main] c.e.backend.config.SuperadminBootstrap   : Seeded SUPERADMIN user: superadmin@smartcampus.local (change app.superadmin.password immediately in production)
2026-04-16T17:59:05.119+05:30  INFO 10308 --- [           main] c.e.b.config.MongoConnectionLogger       : MongoDB URI property resolved to: mongodb+srv://janithcamitha_db_user:****@cluster0.ptmjjxa.mongodb.net/smartcampus?retryWrites=true&w=majority
Mockito is currently self-attaching to enable the inline-mock-maker. This will no longer work in future releases of the JDK. Please add Mockito as an agent to your build as described in Mockito's documentation: https://javadoc.io/doc/org.mockito/mockito-core/latest/org.mockito/org/mockito/Mockito.html#0.3
WARNING: A Java agent has been loaded dynamically (C:\Users\puldi\.m2\repository\net\bytebuddy\byte-buddy-agent\1.17.8\byte-buddy-agent-1.17.8.jar)
WARNING: If a serviceability tool is in use, please run with -XX:+EnableDynamicAgentLoading to hide this warning
WARNING: If a serviceability tool is not in use, please run with -Djdk.instrument.traceUsage for more information
WARNING: Dynamic loading of agents will be disallowed by default in a future release
Java HotSpot(TM) 64-Bit Server VM warning: Sharing is only supported for boot loader classes because bootstrap classpath has been appended
--- Cloud Resources ---
DEBUG: Resource: Library Discussion room | ID: 69de9675591445cc9ab8780d | Windows: [8.30-5.00]
DEBUG: Resource: Lecture hall | ID: 69de96da591445cc9ab8780e | Windows: [8.30-5.00]
DEBUG: Resource: Computer Lab | ID: 69df72a63cf9720e34602d26 | Windows: [8.30-5.00]
DEBUG: Resource: DSLR camera | ID: 69df81e43cf9720e34602d27 | Windows: [9.00-4.00]
DEBUG: Resource: Lecture hall | ID: 69df82b63cf9720e34602d28 | Windows: [8.30-5.00]
DEBUG: Resource: Computer Lab | ID: 69df87373cf9720e34602d29 | Windows: [08:30-17:30]
DEBUG: Resource: auditorium2 | ID: 69dfbb327779b228e0f15b21 | Windows: [02:00-05:00]
DEBUG: Resource: audi1 | ID: 69e088abb2c21471228c42ca | Windows: [02:00-05:00]
DEBUG: Resource: projector | ID: 69e0a032b2c21471228c42cc | Windows: [02:00-05:00]
--- End of Cloud Check ---
[INFO] Tests run: 1, Failures: 0, Errors: 0, Skipped: 0, Time elapsed: 9.783 s -- in com.example.backend.resource.ResourceCheckTest
[INFO] 
[INFO] Results:
[INFO] 
[INFO] Tests run: 1, Failures: 0, Errors: 0, Skipped: 0
[INFO] 
[INFO] ------------------------------------------------------------------------
[INFO] BUILD SUCCESS
[INFO] ------------------------------------------------------------------------
[INFO] Total time:  18.341 s
[INFO] Finished at: 2026-04-16T17:59:07+05:30
[INFO] ------------------------------------------------------------------------
